[istirahatsejenakid.wordpress.com/index.html]
[backblue.gif]
[fade.gif]
[index.html]
[s0.wp.com/wp-content/plugins/gutenberg-core/v15.6.2/build/block-library/blocks/social-links/styled6c5.css]
[s0.wp.com/wp-content/themes/h4/global21a2.css]
[istirahatsejenakid.wordpress.com/feed/index.html]
[s0.wp.com/wp-content/mu-plugins/highlander-comments/style68a8.css]
[istirahatsejenakid.wordpress.com/comments/feed/index.html]
[s1.wp.com/_static/index7d7d.html]
[istirahatsejenakid.wordpress.com/xmlrpc0db0.php]
[istirahatsejenakid.wordpress.com/osd.xml]
[istirahatsejenakid.files.wordpress.com/2023/04/cropped-removal-24776ca.png]
[istirahatsejenakid.files.wordpress.com/2023/04/cropped-removal-2479939.png]
[istirahatsejenakid.files.wordpress.com/2023/04/cropped-removal-247ad83.png]
[istirahatsejenakid.files.wordpress.com/2023/04/removal-247.png]
[istirahatsejenakid.files.wordpress.com/2023/04/removal-2479af8.png]
[0.gravatar.com/js/gprofiles7e40.js]
[s1.wp.com/wp-content/mu-plugins/gravatar-hovercards/wpgrohodc5c.js]
[istirahatsejenakid.files.wordpress.com/2023/04/cropped-removal-247ae05.png]
[istirahatsejenakid.wordpress.com/2022/10/10/aku-manusia-dan-isi-nya/index.html]
[s0.wp.com/_static/indexb71d.html]
[s0.wp.com/wp-content/mu-plugins/actionbar/actionbar2866.css]
[s0.wp.com/wp-content/mu-plugins/actionbar/actionbarb516.js]
[istirahatsejenakid.wordpress.com/2020/08/02/en-ecrivant-2/index.html]
[s1.wp.com/_static/index73e0.html]
[istirahatsejenakid.wordpress.com/wp-content/plugins/ie-sitemode/custom-jumplist.php]
[stats.wp.com/w03af.js]
[pixel.wp.com/b0b80.gif]
[istirahatsejenakid.wordpress.com/index.html]
[s0.wp.com/wp-content/plugins/gutenberg-core/v15.6.2/build/block-library/blocks/social-links/styled6c5.css]
[istirahatsejenakid.wordpress.com/wp-content/js/bilmur.min6ee1.js]
[s1.wp.com/_static/indexd02a.html]
[s0.wp.com/wp-content/themes/h4/global21a2.css]
[s0.wp.com/wp-content/mu-plugins/highlander-comments/images/button-back.gif]
[s0.wp.com/wp-content/mu-plugins/highlander-comments/images/button-back-over.gif]
[s0.wp.com/wp-content/mu-plugins/highlander-comments/style68a8.css]
[s0.wp.com/wp-content/mu-plugins/highlander-comments/images/loader.gif]
[istirahatsejenakid.wordpress.com/2022/10/10/aku-manusia-dan-isi-nya/index.html]
[istirahatsejenakid.wordpress.com/2020/08/02/en-ecrivant-2/index.html]
[istirahatsejenakid.wordpress.com/2022/10/10/aku-manusia-dan-isi-nya/feed/index.html]
[s0.wp.com/wp-content/mu-plugins/actionbar/actionbar2866.css]
[istirahatsejenakid.wordpress.com/2022/10/10/aku-manusia-dan-isi-nya/index9a7b.html]
[istirahatsejenakid.wordpress.com/category/tidak-dikategorikan/index.html]
[istirahatsejenakid.wordpress.com/2022/10/10/aku-manusia-dan-isi-nya/index5a58.html]
[istirahatsejenakid.wordpress.com/2020/08/02/en-ecrivant-2/feed/index.html]
[istirahatsejenakid.wordpress.com/2022/10/10/aku-manusia-dan-isi-nya/indexcce0.html]
[istirahatsejenakid.wordpress.com/2022/10/10/aku-manusia-dan-isi-nya/indexd2b8.html]
[istirahatsejenakid.wordpress.com/2022/10/10/aku-manusia-dan-isi-nya/index7d75.html]
[istirahatsejenakid.wordpress.com/category/tidak-dikategorikan/index.html]
[istirahatsejenakid.wordpress.com/2020/08/02/en-ecrivant-2/index9a7b.html]
[istirahatsejenakid.wordpress.com/2020/08/02/en-ecrivant-2/index5a58.html]
[istirahatsejenakid.wordpress.com/2020/08/02/en-ecrivant-2/indexcce0.html]
[istirahatsejenakid.wordpress.com/2020/08/02/en-ecrivant-2/indexd2b8.html]
[istirahatsejenakid.wordpress.com/2020/08/02/en-ecrivant-2/index7d75.html]
[s2.wp.com/wp-content/mu-plugins/jetpack-plugin/production/_inc/blocks/subscriptions/view2dd6.css]
[istirahatsejenakid.wordpress.com/category/tidak-dikategorikan/feed/index.html]
[s0.wp.com/i/loading/dark-200.gif]
[s2.wp.com/wp-content/mu-plugins/jetpack-plugin/production/_inc/blocks/subscriptions/view2dd6.css]
