[istirahatsejenakid.wordpress.com/index.html]
[backblue.gif]
[fade.gif]
[index.html]
[s0.wp.com/wp-content/plugins/gutenberg-core/v15.6.2/build/block-library/blocks/social-links/styled6c5.css]
[istirahatsejenakid.wordpress.com/comments/feed/index.html]
[istirahatsejenakid.wordpress.com/feed/index.html]
[s0.wp.com/wp-content/themes/h4/global21a2.css]
[s0.wp.com/wp-content/mu-plugins/highlander-comments/style68a8.css]
[s1.wp.com/_static/index7d7d.html]
[istirahatsejenakid.wordpress.com/xmlrpc0db0.php]
[istirahatsejenakid.wordpress.com/osd.xml]
[istirahatsejenakid.files.wordpress.com/2023/04/cropped-removal-24776ca.png]
[istirahatsejenakid.files.wordpress.com/2023/04/cropped-removal-2479939.png]
[istirahatsejenakid.files.wordpress.com/2023/04/cropped-removal-247ad83.png]
[istirahatsejenakid.files.wordpress.com/2023/04/removal-247.png]
[istirahatsejenakid.files.wordpress.com/2023/04/removal-2479af8.png]
[0.gravatar.com/js/gprofiles7e40.js]
[istirahatsejenakid.wordpress.com/2023/04/30/perihal-rasa/index.html]
[s1.wp.com/wp-content/mu-plugins/gravatar-hovercards/wpgrohodc5c.js]
[istirahatsejenakid.wordpress.com/2023/04/29/tuhan-baik-banget-ya-aku-minta-bahagia-dikasihnya-kamu-hilang-dari-hidup-aku/index.html]
[istirahatsejenakid.wordpress.com/page/2/index.html]
[istirahatsejenakid.wordpress.com/2023/04/20/setiap-warna-ada-kamu/index.html]
[istirahatsejenakid.files.wordpress.com/2023/04/cropped-removal-247ae05.png]
[s0.wp.com/_static/indexb71d.html]
[istirahatsejenakid.wordpress.com/2022/10/10/aku-manusia-dan-isi-nya/index.html]
[istirahatsejenakid.wordpress.com/2022/11/21/semesta-manusia-dan-isi-nya/index.html]
[s0.wp.com/wp-content/mu-plugins/actionbar/actionbar2866.css]
[s0.wp.com/wp-content/mu-plugins/actionbar/actionbarb516.js]
[s1.wp.com/_static/index73e0.html]
[istirahatsejenakid.wordpress.com/wp-content/plugins/ie-sitemode/custom-jumplist.php]
[stats.wp.com/w03af.js]
[pixel.wp.com/b0b80.gif]
[istirahatsejenakid.wordpress.com/index.html]
[s0.wp.com/wp-content/plugins/gutenberg-core/v15.6.2/build/block-library/blocks/social-links/styled6c5.css]
[s1.wp.com/_static/indexd02a.html]
[s0.wp.com/wp-content/themes/h4/global21a2.css]
[s0.wp.com/wp-content/mu-plugins/highlander-comments/images/button-back.gif]
[s0.wp.com/wp-content/mu-plugins/highlander-comments/images/button-back-over.gif]
[s0.wp.com/wp-content/mu-plugins/highlander-comments/images/loader.gif]
[s0.wp.com/wp-content/mu-plugins/highlander-comments/style68a8.css]
[s0.wp.com/wp-content/plugins/gutenberg-core/v15.6.2/build/block-library/blocks/button/styled6c5.css]
[istirahatsejenakid.wordpress.com/2023/04/30/perihal-rasa/feed/index.html]
[istirahatsejenakid.files.wordpress.com/2023/04/go-320ec.png]
[istirahatsejenakid.wordpress.com/2023/04/30/perihal-rasa/index.html]
[istirahatsejenakid.wordpress.com/2023/04/29/tuhan-baik-banget-ya-aku-minta-bahagia-dikasihnya-kamu-hilang-dari-hidup-aku/index.html]
[istirahatsejenakid.wordpress.com/wp-content/js/bilmur.min6ee1.js]
[istirahatsejenakid.wordpress.com/page/2/index.html]
[istirahatsejenakid.wordpress.com/category/istirahat-sejenak/index.html]
[istirahatsejenakid.wordpress.com/2023/04/29/tuhan-baik-banget-ya-aku-minta-bahagia-dikasihnya-kamu-hilang-dari-hidup-aku/feed/index.html]
[istirahatsejenakid.wordpress.com/page/3/index.html]
[istirahatsejenakid.wordpress.com/2023/04/20/setiap-warna-ada-kamu/feed/index.html]
[istirahatsejenakid.files.wordpress.com/2023/04/go-120ec.png]
[istirahatsejenakid.wordpress.com/2023/04/20/setiap-warna-ada-kamu/index.html]
[istirahatsejenakid.wordpress.com/2022/11/21/semesta-manusia-dan-isi-nya/index.html]
[istirahatsejenakid.wordpress.com/2022/10/10/aku-manusia-dan-isi-nya/index.html]
[istirahatsejenakid.wordpress.com/2022/11/21/semesta-manusia-dan-isi-nya/feed/index.html]
[s0.wp.com/wp-content/mu-plugins/actionbar/actionbar2866.css]
[s0.wp.com/wp-content/plugins/gutenberg-core/v15.6.2/build/block-library/blocks/button/styled6c5.css]
[istirahatsejenakid.wordpress.com/2022/10/10/aku-manusia-dan-isi-nya/feed/index.html]
[istirahatsejenakid.wordpress.com/2022/10/10/aku-manusia-dan-isi-nya/comment-page-1/index.html]
[istirahatsejenakid.wordpress.com/2023/04/30/perihal-rasa/index9a7b.html]
[istirahatsejenakid.wordpress.com/2022/10/10/aku-manusia-dan-isi-nya/index96ad.html]
[istirahatsejenakid.wordpress.com/2023/04/30/perihal-rasa/index5a58.html]
[istirahatsejenakid.wordpress.com/2022/10/10/aku-manusia-dan-isi-nya/comment-page-1/index6809.html]
[istirahatsejenakid.wordpress.com/2023/04/30/perihal-rasa/indexcce0.html]
[istirahatsejenakid.wordpress.com/2023/04/30/perihal-rasa/indexd2b8.html]
[istirahatsejenakid.wordpress.com/2023/04/30/perihal-rasa/index7d75.html]
[istirahatsejenakid.wordpress.com/2021/08/08/kamu-dan-biru-mu/index.html]
[istirahatsejenakid.wordpress.com/category/istirahat-sejenak/index.html]
[istirahatsejenakid.wordpress.com/2023/04/29/tuhan-baik-banget-ya-aku-minta-bahagia-dikasihnya-kamu-hilang-dari-hidup-aku/index9a7b.html]
[istirahatsejenakid.wordpress.com/2023/04/29/tuhan-baik-banget-ya-aku-minta-bahagia-dikasihnya-kamu-hilang-dari-hidup-aku/index5a58.html]
[istirahatsejenakid.wordpress.com/2023/04/29/tuhan-baik-banget-ya-aku-minta-bahagia-dikasihnya-kamu-hilang-dari-hidup-aku/indexcce0.html]
[istirahatsejenakid.wordpress.com/2023/04/29/tuhan-baik-banget-ya-aku-minta-bahagia-dikasihnya-kamu-hilang-dari-hidup-aku/indexd2b8.html]
[istirahatsejenakid.wordpress.com/2023/04/29/tuhan-baik-banget-ya-aku-minta-bahagia-dikasihnya-kamu-hilang-dari-hidup-aku/index7d75.html]
[istirahatsejenakid.wordpress.com/page/3/index.html]
[s2.wp.com/wp-content/mu-plugins/jetpack-plugin/production/_inc/blocks/subscriptions/view2dd6.css]
[istirahatsejenakid.wordpress.com/2023/04/20/setiap-warna-ada-kamu/index9a7b.html]
[istirahatsejenakid.wordpress.com/2023/04/20/setiap-warna-ada-kamu/index5a58.html]
[istirahatsejenakid.wordpress.com/2023/04/20/setiap-warna-ada-kamu/indexcce0.html]
[istirahatsejenakid.wordpress.com/2023/04/20/setiap-warna-ada-kamu/indexd2b8.html]
[istirahatsejenakid.wordpress.com/2023/04/20/setiap-warna-ada-kamu/index7d75.html]
[istirahatsejenakid.wordpress.com/2022/11/21/semesta-manusia-dan-isi-nya/index9a7b.html]
[istirahatsejenakid.wordpress.com/2022/11/21/semesta-manusia-dan-isi-nya/index5a58.html]
[istirahatsejenakid.wordpress.com/2022/11/21/semesta-manusia-dan-isi-nya/indexcce0.html]
[istirahatsejenakid.wordpress.com/2022/11/21/semesta-manusia-dan-isi-nya/indexd2b8.html]
[istirahatsejenakid.wordpress.com/2022/11/21/semesta-manusia-dan-isi-nya/index7d75.html]
[istirahatsejenakid.wordpress.com/2022/10/10/aku-manusia-dan-isi-nya/comment-page-1/index.html]
[istirahatsejenakid.wordpress.com/2022/10/10/aku-manusia-dan-isi-nya/index96ad.html]
[istirahatsejenakid.wordpress.com/2022/10/10/aku-manusia-dan-isi-nya/comment-page-1/index6809.html]
[istirahatsejenakid.wordpress.com/2022/10/10/aku-manusia-dan-isi-nya/index9a7b.html]
[istirahatsejenakid.wordpress.com/2022/10/10/aku-manusia-dan-isi-nya/index5a58.html]
[istirahatsejenakid.wordpress.com/2022/10/10/aku-manusia-dan-isi-nya/indexcce0.html]
[istirahatsejenakid.wordpress.com/2022/10/10/aku-manusia-dan-isi-nya/indexd2b8.html]
[istirahatsejenakid.wordpress.com/2022/10/10/aku-manusia-dan-isi-nya/index7d75.html]
[istirahatsejenakid.wordpress.com/2021/08/08/kamu-dan-biru-mu/index.html]
[istirahatsejenakid.wordpress.com/category/istirahat-sejenak/feed/index.html]
[istirahatsejenakid.wordpress.com/page/4/index.html]
[istirahatsejenakid.wordpress.com/category/istirahat-sejenak/page/2/index.html]
[istirahatsejenakid.wordpress.com/2021/08/08/kamu-dan-biru-mu/feed/index.html]
[s0.wp.com/i/loading/dark-200.gif]
[s2.wp.com/wp-content/mu-plugins/jetpack-plugin/production/_inc/blocks/subscriptions/view2dd6.css]
[istirahatsejenakid.wordpress.com/2020/08/02/en-ecrivant-2/index.html]
[istirahatsejenakid.wordpress.com/category/istirahat-sejenak/page/2/index.html]
[istirahatsejenakid.wordpress.com/category/istirahat-sejenak/page/3/index.html]
[istirahatsejenakid.wordpress.com/page/4/index.html]
[istirahatsejenakid.wordpress.com/2020/04/18/aku-dan-motorku-tak-apa/index.html]
[istirahatsejenakid.wordpress.com/2021/08/08/kamu-dan-biru-mu/index9a7b.html]
[istirahatsejenakid.wordpress.com/page/5/index.html]
[istirahatsejenakid.wordpress.com/2021/08/08/kamu-dan-biru-mu/index5a58.html]
[istirahatsejenakid.wordpress.com/2021/08/08/kamu-dan-biru-mu/indexcce0.html]
[istirahatsejenakid.wordpress.com/2021/08/08/kamu-dan-biru-mu/indexd2b8.html]
[istirahatsejenakid.wordpress.com/2021/08/08/kamu-dan-biru-mu/index7d75.html]
[istirahatsejenakid.wordpress.com/2020/08/02/en-ecrivant-2/index.html]
[istirahatsejenakid.wordpress.com/2020/08/02/en-ecrivant-2/feed/index.html]
[istirahatsejenakid.wordpress.com/category/istirahat-sejenak/page/3/index.html]
[istirahatsejenakid.wordpress.com/2020/03/07/aku-ketika-6-am/index.html]
[istirahatsejenakid.wordpress.com/category/istirahat-sejenak/page/4/index.html]
[istirahatsejenakid.wordpress.com/2020/04/18/aku-dan-motorku-tak-apa/feed/index.html]
[istirahatsejenakid.files.wordpress.com/2023/04/ghghgh6cc5.png]
[istirahatsejenakid.wordpress.com/2020/04/18/aku-dan-motorku-tak-apa/index.html]
[istirahatsejenakid.wordpress.com/page/5/index.html]
[istirahatsejenakid.wordpress.com/2020/08/02/en-ecrivant-2/index9a7b.html]
[istirahatsejenakid.wordpress.com/2020/08/02/en-ecrivant-2/index5a58.html]
[istirahatsejenakid.wordpress.com/2020/08/02/en-ecrivant-2/indexcce0.html]
[istirahatsejenakid.wordpress.com/2019/12/21/hujan-dan-tentang-nya/index.html]
[istirahatsejenakid.wordpress.com/2020/08/02/en-ecrivant-2/indexd2b8.html]
[istirahatsejenakid.wordpress.com/2020/08/02/en-ecrivant-2/index7d75.html]
[istirahatsejenakid.wordpress.com/page/6/index.html]
[istirahatsejenakid.wordpress.com/2020/03/07/aku-ketika-6-am/feed/index.html]
[istirahatsejenakid.files.wordpress.com/2023/04/removal-57af90.png]
[istirahatsejenakid.wordpress.com/2020/03/07/aku-ketika-6-am/index.html]
[istirahatsejenakid.wordpress.com/category/istirahat-sejenak/page/4/index.html]
[istirahatsejenakid.wordpress.com/2020/04/18/aku-dan-motorku-tak-apa/index9a7b.html]
[istirahatsejenakid.wordpress.com/category/tidak-dikategorikan/index.html]
[istirahatsejenakid.wordpress.com/2020/04/18/aku-dan-motorku-tak-apa/index5a58.html]
[istirahatsejenakid.wordpress.com/2020/04/18/aku-dan-motorku-tak-apa/indexcce0.html]
[istirahatsejenakid.wordpress.com/2020/04/18/aku-dan-motorku-tak-apa/indexd2b8.html]
[istirahatsejenakid.wordpress.com/2020/04/18/aku-dan-motorku-tak-apa/index7d75.html]
[istirahatsejenakid.wordpress.com/category/istirahat-sejenak/page/5/index.html]
[istirahatsejenakid.files.wordpress.com/2023/04/hujan5713.png]
[istirahatsejenakid.wordpress.com/2019/12/21/hujan-dan-tentang-nya/index.html]
[istirahatsejenakid.wordpress.com/page/6/index.html]
[istirahatsejenakid.wordpress.com/2019/12/21/hujan-dan-tentang-nya/feed/index.html]
[istirahatsejenakid.wordpress.com/2020/03/07/aku-ketika-6-am/index9a7b.html]
[istirahatsejenakid.wordpress.com/2020/03/07/aku-ketika-6-am/index5a58.html]
[istirahatsejenakid.wordpress.com/2020/03/07/aku-ketika-6-am/indexcce0.html]
[istirahatsejenakid.wordpress.com/2020/03/07/aku-ketika-6-am/indexd2b8.html]
[istirahatsejenakid.wordpress.com/2020/03/07/aku-ketika-6-am/index7d75.html]
[istirahatsejenakid.wordpress.com/category/tidak-dikategorikan/index.html]
[istirahatsejenakid.wordpress.com/category/tidak-dikategorikan/feed/index.html]
[istirahatsejenakid.wordpress.com/category/istirahat-sejenak/page/5/index.html]
[istirahatsejenakid.wordpress.com/2019/12/21/hujan-dan-tentang-nya/index9a7b.html]
[istirahatsejenakid.wordpress.com/2019/12/21/hujan-dan-tentang-nya/index5a58.html]
[istirahatsejenakid.wordpress.com/2019/12/21/hujan-dan-tentang-nya/indexcce0.html]
[istirahatsejenakid.wordpress.com/2019/08/02/en-ecrivant/index.html]
[istirahatsejenakid.wordpress.com/2019/12/21/hujan-dan-tentang-nya/indexd2b8.html]
[istirahatsejenakid.wordpress.com/2019/12/21/hujan-dan-tentang-nya/index7d75.html]
[istirahatsejenakid.wordpress.com/2019/08/02/en-ecrivant/index.html]
[istirahatsejenakid.files.wordpress.com/2023/04/vector-illustration-of-sneakers_-sports-shoes-in-a-line-style.-continuous-one-line-drawing-minimalism-design_.-continuous-one-line-drawing-minimalism-d]
[istirahatsejenakid.wordpress.com/2019/08/02/en-ecrivant/feed/index.html]
[istirahatsejenakid.wordpress.com/2019/08/02/en-ecrivant/index9a7b.html]
[istirahatsejenakid.wordpress.com/2019/08/02/en-ecrivant/index5a58.html]
[istirahatsejenakid.wordpress.com/2019/08/02/en-ecrivant/indexcce0.html]
[istirahatsejenakid.wordpress.com/2019/08/02/en-ecrivant/indexd2b8.html]
[istirahatsejenakid.wordpress.com/2019/08/02/en-ecrivant/index7d75.html]
